ratio_0: 1.1, n_bins: 25, sph_degree: 2, ico_radius: 2

Accuracy: 0.753758634701341
               precision    recall  f1-score   support

         0.0       0.71      0.77      0.74       435
         1.0       0.62      0.70      0.66       410
         2.0       0.83      0.79      0.81       712
         3.0       0.72      0.60      0.65       400
         4.0       0.85      0.85      0.85       504

    accuracy                           0.75      2461
   macro avg       0.74      0.74      0.74      2461
weighted avg       0.76      0.75      0.75      2461


================================================================================

ratio_0: 1.4, n_bins: 25, sph_degree: 2, ico_radius: 2

Accuracy: 0.7572033898305085
               precision    recall  f1-score   support

         0.0       0.66      0.68      0.67       334
         1.0       0.61      0.79      0.69       373
         2.0       0.83      0.81      0.82       715
         3.0       0.76      0.60      0.67       412
         4.0       0.85      0.84      0.85       526

    accuracy                           0.76      2360
   macro avg       0.74      0.74      0.74      2360
weighted avg       0.77      0.76      0.76      2360


================================================================================

ratio_0: 1.1, n_bins: 25, sph_degree: 2, ico_radius: 2

Accuracy: 0.7700121901665989
               precision    recall  f1-score   support

         0.0       0.76      0.74      0.75       479
         1.0       0.62      0.76      0.68       389
         2.0       0.83      0.82      0.82       670
         3.0       0.71      0.62      0.66       388
         4.0       0.89      0.86      0.87       535

    accuracy                           0.77      2461
   macro avg       0.76      0.76      0.76      2461
weighted avg       0.78      0.77      0.77      2461


================================================================================

ratio_0: 1.1, n_bins: 25, sph_degree: 2, ico_radius: 3

Accuracy: 0.7419748069890288
               precision    recall  f1-score   support

         0.0       0.74      0.77      0.76       480
         1.0       0.62      0.76      0.68       405
         2.0       0.78      0.79      0.78       668
         3.0       0.73      0.55      0.63       393
         4.0       0.82      0.79      0.80       515

    accuracy                           0.74      2461
   macro avg       0.74      0.73      0.73      2461
weighted avg       0.75      0.74      0.74      2461


================================================================================

ratio_0: 1.1, n_bins: 25, sph_degree: 3, ico_radius: 2

Accuracy: 0.7647297846403901
               precision    recall  f1-score   support

         0.0       0.77      0.75      0.76       518
         1.0       0.58      0.76      0.66       374
         2.0       0.82      0.79      0.80       669
         3.0       0.74      0.63      0.68       383
         4.0       0.89      0.85      0.87       517

    accuracy                           0.76      2461
   macro avg       0.76      0.76      0.75      2461
weighted avg       0.78      0.76      0.77      2461


================================================================================

ratio_0: 1.1, n_bins: 25, sph_degree: 3, ico_radius: 3

Accuracy: 0.7561966680211296
               precision    recall  f1-score   support

         0.0       0.77      0.73      0.75       478
         1.0       0.60      0.78      0.68       397
         2.0       0.79      0.78      0.79       664
         3.0       0.78      0.57      0.66       394
         4.0       0.84      0.87      0.85       528

    accuracy                           0.76      2461
   macro avg       0.76      0.75      0.75      2461
weighted avg       0.76      0.76      0.76      2461


================================================================================

ratio_0: 1.1, n_bins: 25, sph_degree: 4, ico_radius: 2

Accuracy: 0.7809833401056481
               precision    recall  f1-score   support

         0.0       0.78      0.76      0.77       490
         1.0       0.61      0.82      0.70       378
         2.0       0.84      0.81      0.83       686
         3.0       0.75      0.59      0.66       382
         4.0       0.89      0.87      0.88       525

    accuracy                           0.78      2461
   macro avg       0.77      0.77      0.77      2461
weighted avg       0.79      0.78      0.78      2461


================================================================================

ratio_0: 1.1, n_bins: 25, sph_degree: 4, ico_radius: 3

Accuracy: 0.7752945956928078
               precision    recall  f1-score   support

         0.0       0.75      0.75      0.75       484
         1.0       0.63      0.77      0.69       402
         2.0       0.83      0.80      0.82       684
         3.0       0.77      0.60      0.68       372
         4.0       0.86      0.90      0.88       519

    accuracy                           0.78      2461
   macro avg       0.77      0.76      0.76      2461
weighted avg       0.78      0.78      0.77      2461


================================================================================

ratio_0: 1.1, n_bins: 30, sph_degree: 2, ico_radius: 2

Accuracy: 0.7622917513206013
               precision    recall  f1-score   support

         0.0       0.75      0.75      0.75       479
         1.0       0.62      0.76      0.69       389
         2.0       0.79      0.78      0.79       681
         3.0       0.77      0.61      0.68       386
         4.0       0.86      0.86      0.86       526

    accuracy                           0.76      2461
   macro avg       0.76      0.75      0.75      2461
weighted avg       0.77      0.76      0.76      2461


================================================================================

ratio_0: 1.1, n_bins: 30, sph_degree: 2, ico_radius: 3

Accuracy: 0.7549776513612353
               precision    recall  f1-score   support

         0.0       0.75      0.77      0.76       479
         1.0       0.67      0.78      0.72       429
         2.0       0.78      0.78      0.78       639
         3.0       0.73      0.56      0.63       374
         4.0       0.82      0.83      0.82       540

    accuracy                           0.75      2461
   macro avg       0.75      0.74      0.74      2461
weighted avg       0.76      0.75      0.75      2461


================================================================================

ratio_0: 1.1, n_bins: 30, sph_degree: 3, ico_radius: 2

Accuracy: 0.7789516456724909
               precision    recall  f1-score   support

         0.0       0.76      0.76      0.76       481
         1.0       0.63      0.75      0.69       379
         2.0       0.82      0.79      0.81       688
         3.0       0.75      0.69      0.72       401
         4.0       0.89      0.87      0.88       512

    accuracy                           0.78      2461
   macro avg       0.77      0.77      0.77      2461
weighted avg       0.78      0.78      0.78      2461


================================================================================

ratio_0: 1.1, n_bins: 30, sph_degree: 3, ico_radius: 3

Accuracy: 0.7456318569687119
               precision    recall  f1-score   support

         0.0       0.75      0.74      0.74       455
         1.0       0.64      0.78      0.70       414
         2.0       0.79      0.78      0.78       655
         3.0       0.71      0.59      0.65       410
         4.0       0.81      0.81      0.81       527

    accuracy                           0.75      2461
   macro avg       0.74      0.74      0.74      2461
weighted avg       0.75      0.75      0.75      2461


================================================================================

ratio_0: 1.1, n_bins: 30, sph_degree: 4, ico_radius: 2

Accuracy: 0.7846403900853312
               precision    recall  f1-score   support

         0.0       0.75      0.71      0.73       461
         1.0       0.62      0.79      0.69       385
         2.0       0.82      0.82      0.82       671
         3.0       0.79      0.65      0.71       390
         4.0       0.91      0.90      0.90       554

    accuracy                           0.78      2461
   macro avg       0.78      0.77      0.77      2461
weighted avg       0.79      0.78      0.79      2461


================================================================================

ratio_0: 1.1, n_bins: 30, sph_degree: 4, ico_radius: 3

Accuracy: 0.7785453067858594
               precision    recall  f1-score   support

         0.0       0.74      0.77      0.75       465
         1.0       0.64      0.79      0.71       398
         2.0       0.86      0.80      0.83       720
         3.0       0.75      0.62      0.68       378
         4.0       0.86      0.87      0.86       500

    accuracy                           0.78      2461
   macro avg       0.77      0.77      0.77      2461
weighted avg       0.78      0.78      0.78      2461


================================================================================

ratio_0: 1.1, n_bins: 40, sph_degree: 2, ico_radius: 2

Accuracy: 0.7748882568061763
               precision    recall  f1-score   support

         0.0       0.79      0.72      0.76       501
         1.0       0.62      0.76      0.68       386
         2.0       0.81      0.84      0.82       671
         3.0       0.73      0.67      0.70       380
         4.0       0.89      0.83      0.86       523

    accuracy                           0.77      2461
   macro avg       0.77      0.76      0.76      2461
weighted avg       0.78      0.77      0.78      2461


================================================================================

ratio_0: 1.1, n_bins: 40, sph_degree: 2, ico_radius: 3

Accuracy: 0.7444128403088176
               precision    recall  f1-score   support

         0.0       0.69      0.74      0.72       457
         1.0       0.60      0.77      0.68       390
         2.0       0.79      0.74      0.77       674
         3.0       0.79      0.61      0.69       409
         4.0       0.83      0.84      0.83       531

    accuracy                           0.74      2461
   macro avg       0.74      0.74      0.74      2461
weighted avg       0.75      0.74      0.75      2461


================================================================================

ratio_0: 1.1, n_bins: 40, sph_degree: 3, ico_radius: 2

Accuracy: 0.7862657456318569
               precision    recall  f1-score   support

         0.0       0.75      0.79      0.77       462
         1.0       0.63      0.79      0.70       384
         2.0       0.86      0.79      0.83       709
         3.0       0.76      0.68      0.72       386
         4.0       0.89      0.85      0.87       520

    accuracy                           0.79      2461
   macro avg       0.78      0.78      0.78      2461
weighted avg       0.80      0.79      0.79      2461


================================================================================

ratio_0: 1.1, n_bins: 40, sph_degree: 3, ico_radius: 3

Accuracy: 0.7765136123527021
               precision    recall  f1-score   support

         0.0       0.75      0.78      0.77       454
         1.0       0.62      0.78      0.69       398
         2.0       0.85      0.81      0.83       708
         3.0       0.75      0.60      0.66       380
         4.0       0.87      0.85      0.86       521

    accuracy                           0.78      2461
   macro avg       0.77      0.76      0.76      2461
weighted avg       0.78      0.78      0.78      2461


================================================================================

ratio_0: 1.1, n_bins: 40, sph_degree: 4, ico_radius: 2

Accuracy: 0.7846403900853312
               precision    recall  f1-score   support

         0.0       0.75      0.76      0.76       478
         1.0       0.66      0.79      0.72       403
         2.0       0.84      0.80      0.82       691
         3.0       0.75      0.66      0.70       388
         4.0       0.89      0.87      0.88       501

    accuracy                           0.78      2461
   macro avg       0.78      0.78      0.78      2461
weighted avg       0.79      0.78      0.79      2461


================================================================================

ratio_0: 1.1, n_bins: 40, sph_degree: 4, ico_radius: 3

Accuracy: 0.7748882568061763
               precision    recall  f1-score   support

         0.0       0.77      0.74      0.76       469
         1.0       0.62      0.79      0.69       373
         2.0       0.82      0.82      0.82       679
         3.0       0.77      0.61      0.68       395
         4.0       0.86      0.86      0.86       545

    accuracy                           0.77      2461
   macro avg       0.77      0.76      0.76      2461
weighted avg       0.78      0.77      0.77      2461


================================================================================

ratio_0: 1.4, n_bins: 25, sph_degree: 2, ico_radius: 2

Accuracy: 0.7639830508474577
               precision    recall  f1-score   support

         0.0       0.74      0.71      0.72       379
         1.0       0.64      0.79      0.71       394
         2.0       0.81      0.82      0.81       664
         3.0       0.78      0.59      0.68       437
         4.0       0.83      0.87      0.85       486

    accuracy                           0.76      2360
   macro avg       0.76      0.76      0.75      2360
weighted avg       0.77      0.76      0.76      2360


================================================================================

ratio_0: 1.4, n_bins: 25, sph_degree: 2, ico_radius: 3

Accuracy: 0.739406779661017
               precision    recall  f1-score   support

         0.0       0.73      0.66      0.69       363
         1.0       0.61      0.78      0.68       405
         2.0       0.78      0.81      0.79       657
         3.0       0.74      0.56      0.64       408
         4.0       0.82      0.82      0.82       527

    accuracy                           0.74      2360
   macro avg       0.74      0.72      0.73      2360
weighted avg       0.74      0.74      0.74      2360


================================================================================

ratio_0: 1.4, n_bins: 25, sph_degree: 3, ico_radius: 2

Accuracy: 0.777542372881356
               precision    recall  f1-score   support

         0.0       0.75      0.71      0.73       376
         1.0       0.64      0.78      0.70       409
         2.0       0.84      0.82      0.83       703
         3.0       0.76      0.63      0.69       375
         4.0       0.87      0.88      0.87       497

    accuracy                           0.78      2360
   macro avg       0.77      0.76      0.76      2360
weighted avg       0.78      0.78      0.78      2360


================================================================================

ratio_0: 1.4, n_bins: 25, sph_degree: 3, ico_radius: 3

Accuracy: 0.7487288135593221
               precision    recall  f1-score   support

         0.0       0.73      0.68      0.70       371
         1.0       0.62      0.81      0.70       404
         2.0       0.81      0.82      0.81       681
         3.0       0.73      0.56      0.64       406
         4.0       0.82      0.81      0.82       498

    accuracy                           0.75      2360
   macro avg       0.74      0.74      0.73      2360
weighted avg       0.75      0.75      0.75      2360


================================================================================

ratio_0: 1.4, n_bins: 25, sph_degree: 4, ico_radius: 2

Accuracy: 0.786864406779661
               precision    recall  f1-score   support

         0.0       0.72      0.72      0.72       345
         1.0       0.64      0.78      0.70       402
         2.0       0.85      0.83      0.84       727
         3.0       0.79      0.66      0.72       387
         4.0       0.89      0.87      0.88       499

    accuracy                           0.79      2360
   macro avg       0.78      0.77      0.77      2360
weighted avg       0.79      0.79      0.79      2360


================================================================================

ratio_0: 1.4, n_bins: 25, sph_degree: 4, ico_radius: 3

Accuracy: 0.7805084745762711
               precision    recall  f1-score   support

         0.0       0.78      0.71      0.74       376
         1.0       0.62      0.82      0.71       383
         2.0       0.81      0.85      0.83       639
         3.0       0.81      0.61      0.70       430
         4.0       0.89      0.85      0.87       532

    accuracy                           0.78      2360
   macro avg       0.78      0.77      0.77      2360
weighted avg       0.79      0.78      0.78      2360


================================================================================

ratio_0: 1.4, n_bins: 30, sph_degree: 2, ico_radius: 2

Accuracy: 0.764406779661017
               precision    recall  f1-score   support

         0.0       0.71      0.72      0.71       378
         1.0       0.63      0.75      0.69       399
         2.0       0.82      0.81      0.81       705
         3.0       0.76      0.61      0.67       382
         4.0       0.86      0.87      0.87       496

    accuracy                           0.76      2360
   macro avg       0.76      0.75      0.75      2360
weighted avg       0.77      0.76      0.76      2360


================================================================================

ratio_0: 1.4, n_bins: 30, sph_degree: 2, ico_radius: 3

Accuracy: 0.7508474576271187
               precision    recall  f1-score   support

         0.0       0.73      0.66      0.69       371
         1.0       0.64      0.78      0.71       420
         2.0       0.79      0.82      0.80       698
         3.0       0.76      0.58      0.66       380
         4.0       0.81      0.82      0.82       491

    accuracy                           0.75      2360
   macro avg       0.75      0.73      0.74      2360
weighted avg       0.75      0.75      0.75      2360


================================================================================

ratio_0: 1.4, n_bins: 30, sph_degree: 3, ico_radius: 2

Accuracy: 0.7834745762711864
               precision    recall  f1-score   support

         0.0       0.77      0.70      0.73       390
         1.0       0.67      0.79      0.72       413
         2.0       0.84      0.84      0.84       670
         3.0       0.76      0.66      0.71       391
         4.0       0.85      0.87      0.86       496

    accuracy                           0.78      2360
   macro avg       0.78      0.77      0.77      2360
weighted avg       0.79      0.78      0.78      2360


================================================================================

ratio_0: 1.4, n_bins: 30, sph_degree: 3, ico_radius: 3

Accuracy: 0.7652542372881356
               precision    recall  f1-score   support

         0.0       0.75      0.67      0.71       350
         1.0       0.61      0.77      0.68       410
         2.0       0.80      0.83      0.82       659
         3.0       0.78      0.61      0.68       399
         4.0       0.87      0.85      0.86       542

    accuracy                           0.77      2360
   macro avg       0.76      0.75      0.75      2360
weighted avg       0.77      0.77      0.77      2360


================================================================================

ratio_0: 1.4, n_bins: 30, sph_degree: 4, ico_radius: 2

Accuracy: 0.8016949152542373
               precision    recall  f1-score   support

         0.0       0.77      0.73      0.75       371
         1.0       0.65      0.81      0.72       399
         2.0       0.86      0.85      0.85       690
         3.0       0.79      0.68      0.73       397
         4.0       0.91      0.87      0.89       503

    accuracy                           0.80      2360
   macro avg       0.80      0.79      0.79      2360
weighted avg       0.81      0.80      0.80      2360


================================================================================

ratio_0: 1.4, n_bins: 30, sph_degree: 4, ico_radius: 3

Accuracy: 0.7792372881355932
               precision    recall  f1-score   support

         0.0       0.79      0.72      0.75       367
         1.0       0.64      0.77      0.70       402
         2.0       0.83      0.85      0.84       674
         3.0       0.72      0.62      0.66       383
         4.0       0.87      0.85      0.86       534

    accuracy                           0.78      2360
   macro avg       0.77      0.76      0.76      2360
weighted avg       0.78      0.78      0.78      2360


================================================================================

ratio_0: 1.4, n_bins: 40, sph_degree: 2, ico_radius: 2

Accuracy: 0.7889830508474577
               precision    recall  f1-score   support

         0.0       0.73      0.70      0.72       370
         1.0       0.68      0.83      0.75       391
         2.0       0.82      0.82      0.82       694
         3.0       0.76      0.66      0.71       377
         4.0       0.91      0.87      0.89       528

    accuracy                           0.79      2360
   macro avg       0.78      0.78      0.78      2360
weighted avg       0.79      0.79      0.79      2360


================================================================================

ratio_0: 1.4, n_bins: 40, sph_degree: 2, ico_radius: 3

Accuracy: 0.7521186440677966
               precision    recall  f1-score   support

         0.0       0.75      0.70      0.72       391
         1.0       0.63      0.75      0.68       408
         2.0       0.79      0.80      0.79       667
         3.0       0.74      0.61      0.67       380
         4.0       0.83      0.84      0.83       514

    accuracy                           0.75      2360
   macro avg       0.75      0.74      0.74      2360
weighted avg       0.76      0.75      0.75      2360


================================================================================

ratio_0: 1.4, n_bins: 40, sph_degree: 3, ico_radius: 2

Accuracy: 0.7847457627118644
               precision    recall  f1-score   support

         0.0       0.79      0.69      0.74       401
         1.0       0.62      0.85      0.71       357
         2.0       0.84      0.84      0.84       695
         3.0       0.77      0.63      0.70       397
         4.0       0.88      0.85      0.87       510

    accuracy                           0.78      2360
   macro avg       0.78      0.77      0.77      2360
weighted avg       0.79      0.78      0.79      2360


================================================================================

ratio_0: 1.4, n_bins: 40, sph_degree: 3, ico_radius: 3

Accuracy: 0.7627118644067796
               precision    recall  f1-score   support

         0.0       0.72      0.74      0.73       364
         1.0       0.65      0.80      0.72       399
         2.0       0.80      0.80      0.80       655
         3.0       0.72      0.62      0.67       384
         4.0       0.88      0.80      0.84       558

    accuracy                           0.76      2360
   macro avg       0.76      0.75      0.75      2360
weighted avg       0.77      0.76      0.76      2360


================================================================================

ratio_0: 1.4, n_bins: 40, sph_degree: 4, ico_radius: 2

Accuracy: 0.7970338983050848
               precision    recall  f1-score   support

         0.0       0.78      0.75      0.76       377
         1.0       0.68      0.80      0.73       391
         2.0       0.85      0.83      0.84       671
         3.0       0.74      0.66      0.70       363
         4.0       0.88      0.87      0.88       558

    accuracy                           0.80      2360
   macro avg       0.79      0.78      0.78      2360
weighted avg       0.80      0.80      0.80      2360


================================================================================

ratio_0: 1.4, n_bins: 40, sph_degree: 4, ico_radius: 3

Accuracy: 0.785593220338983
               precision    recall  f1-score   support

         0.0       0.79      0.74      0.76       376
         1.0       0.64      0.80      0.71       384
         2.0       0.83      0.83      0.83       668
         3.0       0.80      0.64      0.71       426
         4.0       0.86      0.87      0.87       506

    accuracy                           0.79      2360
   macro avg       0.78      0.78      0.78      2360
weighted avg       0.79      0.79      0.79      2360


================================================================================

